  vcan0  7E0   [5]  04 52 50 4D 3F
  vcan0  7E8   [8]  10 3D 43 75 72 72 65 6E
  vcan0  7E0   [3]  30 00 00
  vcan0  7E8   [8]  21 74 20 52 50 4D 3A 20
  vcan0  7E8   [8]  22 32 35 30 30 2C 20 4F
  vcan0  7E8   [8]  23 69 6C 20 54 65 6D 70
  vcan0  7E8   [8]  24 3A 20 39 30 43 2E 20
  vcan0  7E8   [8]  25 45 6E 67 69 6E 65 20
  vcan0  7E8   [8]  26 69 73 20 72 75 6E 6E
  vcan0  7E8   [8]  27 69 6E 67 20 73 6D 6F
  vcan0  7E8   [7]  28 6F 74 68 6C 79 2E
  vcan0  7E1   [8]  10 09 4F 62 73 74 61 63
  vcan0  7E9   [3]  30 00 00
  vcan0  7E1   [4]  21 6C 65 3F
  vcan0  7E9   [8]  10 38 5B 57 41 52 4E 49
  vcan0  7E1   [3]  30 00 00
  vcan0  7E9   [8]  21 4E 47 5D 20 4F 62 73
  vcan0  7E9   [8]  22 74 61 63 6C 65 20 44
  vcan0  7E9   [8]  23 65 74 65 63 74 65 64
  vcan0  7E9   [8]  24 21 20 44 69 73 74 61
  vcan0  7E9   [8]  25 6E 63 65 3A 20 33 30
  vcan0  7E9   [8]  26 63 6D 2E 20 42 65 20
  vcan0  7E9   [8]  27 63 61 72 65 66 75 6C
  vcan0  7E9   [2]  28 21
